
> Configure project :shared
w: The following Kotlin/Native targets cannot be built on this machine and are disabled:
iosArm64, iosSimulatorArm64, iosX64
To hide this message, add 'kotlin.native.ignoreDisabledTargets=true' to the Gradle properties.


> Task :shared:preBuild UP-TO-DATE
> Task :app:checkKotlinGradlePluginConfigurationErrors SKIPPED
> Task :app:preBuild UP-TO-DATE
> Task :shared:preDebugBuild UP-TO-DATE
> Task :app:preDebugBuild UP-TO-DATE
> Task :shared:generateDebugResValues UP-TO-DATE
> Task :shared:generateDebugResources UP-TO-DATE
> Task :shared:packageDebugResources UP-TO-DATE
> Task :shared:processDebugNavigationResources UP-TO-DATE
> Task :shared:parseDebugLocalResources UP-TO-DATE
> Task :shared:generateDebugRFile UP-TO-DATE
> Task :shared:writeDebugAarMetadata UP-TO-DATE
> Task :shared:extractDeepLinksDebug UP-TO-DATE
> Task :shared:processDebugManifest UP-TO-DATE
> Task :shared:compileDebugLibraryResources UP-TO-DATE
> Task :shared:checkKotlinGradlePluginConfigurationErrors SKIPPED
> Task :shared:generateCommonMainStorageDatabaseInterface UP-TO-DATE
> Task :shared:generateDebugBuildConfig UP-TO-DATE
> Task :shared:compileDebugKotlinAndroid UP-TO-DATE
> Task :shared:javaPreCompileDebug UP-TO-DATE
> Task :shared:compileDebugJavaWithJavac UP-TO-DATE
> Task :shared:bundleLibCompileToJarDebug UP-TO-DATE
> Task :app:dataBindingMergeDependencyArtifactsDebug UP-TO-DATE
> Task :app:generateDebugResValues UP-TO-DATE
> Task :app:generateDebugResources UP-TO-DATE
> Task :app:mergeDebugResources UP-TO-DATE
> Task :app:packageDebugResources UP-TO-DATE
> Task :app:processDebugNavigationResources UP-TO-DATE
> Task :app:parseDebugLocalResources UP-TO-DATE
> Task :app:dataBindingGenBaseClassesDebug UP-TO-DATE
> Task :app:generateDebugBuildConfig UP-TO-DATE
> Task :app:checkDebugAarMetadata UP-TO-DATE
> Task :app:compileDebugNavigationResources UP-TO-DATE
> Task :app:mapDebugSourceSetPaths UP-TO-DATE
> Task :app:createDebugCompatibleScreenManifests UP-TO-DATE
> Task :app:extractDeepLinksDebug UP-TO-DATE
> Task :app:processDebugMainManifest UP-TO-DATE
> Task :app:processDebugManifest UP-TO-DATE
> Task :app:processDebugManifestForPackage UP-TO-DATE
> Task :app:processDebugResources UP-TO-DATE
> Task :app:kspDebugKotlin
> Task :app:compileDebugKotlin

BUILD SUCCESSFUL in 31s
36 actionable tasks: 2 executed, 34 up-to-date
