Downloading https://services.gradle.org/distributions/gradle-8.13-all.zip
......................10%......................20%......................30%......................40%......................50%......................60%......................70%.......................80%......................90%......................100%

Welcome to Gradle 8.13!

Here are the highlights of this release:
 - Daemon JVM auto-provisioning
 - Enhancements for Scala plugin and JUnit testing
 - Improvements for build authors and plugin developers

For more details see https://docs.gradle.org/8.13/release-notes.html

Starting a Gradle Daemon (subsequent builds will be faster)

> Configure project :shared
w: The following Kotlin/Native targets cannot be built on this machine and are disabled:
iosArm64, iosSimulatorArm64, iosX64
To hide this message, add 'kotlin.native.ignoreDisabledTargets=true' to the Gradle properties.

Checking the license for package Android SDK Build-Tools 36 in /opt/android-sdk/licenses
License for package Android SDK Build-Tools 36 accepted.
Preparing "Install Android SDK Build-Tools 36 v.36.0.0".
"Install Android SDK Build-Tools 36 v.36.0.0" ready.
Installing Android SDK Build-Tools 36 in /opt/android-sdk/build-tools/36.0.0
"Install Android SDK Build-Tools 36 v.36.0.0" complete.
"Install Android SDK Build-Tools 36 v.36.0.0" finished.
[=========                              ] 25%
> Task :shared:checkKotlinGradlePluginConfigurationErrors SKIPPED
> Task :shared:preBuild UP-TO-DATE
> Task :shared:preDebugBuild UP-TO-DATE
> Task :shared:generateDebugBuildConfig
> Task :shared:generateDebugResValues
> Task :shared:generateDebugResources
> Task :shared:packageDebugResources
> Task :shared:processDebugNavigationResources
> Task :shared:preDebugUnitTestBuild UP-TO-DATE
> Task :shared:javaPreCompileDebug
> Task :shared:preReleaseBuild UP-TO-DATE
> Task :shared:javaPreCompileDebugUnitTest
> Task :shared:generateReleaseBuildConfig
> Task :shared:generateReleaseResValues FROM-CACHE
> Task :shared:parseDebugLocalResources
> Task :shared:generateReleaseResources FROM-CACHE
> Task :shared:packageReleaseResources
> Task :shared:processReleaseNavigationResources FROM-CACHE
> Task :shared:parseReleaseLocalResources FROM-CACHE
> Task :shared:javaPreCompileRelease FROM-CACHE
> Task :shared:preReleaseUnitTestBuild UP-TO-DATE
> Task :shared:javaPreCompileReleaseUnitTest FROM-CACHE
> Task :shared:generateReleaseRFile
> Task :shared:generateDebugRFile
> Task :shared:generateCommonMainStorageDatabaseInterface
> Task :shared:generateReleaseUnitTestStubRFile
> Task :shared:compileDebugKotlinAndroid
> Task :shared:generateDebugUnitTestStubRFile FROM-CACHE
> Task :shared:compileReleaseKotlinAndroid
w: file:///app/shared/src/androidMain/kotlin/com/synapse/social/studioasinc/shared/core/config/SynapseConfig.kt:5:1 'expect'/'actual' classes (including interfaces, objects, annotations, enums, and 'actual' typealiases) are in Beta. You can use -Xexpect-actual-classes flag to suppress this warning. Also see: https://youtrack.jetbrains.com/issue/KT-61573
w: file:///app/shared/src/androidMain/kotlin/com/synapse/social/studioasinc/shared/data/FileUploader.android.kt:8:1 'expect'/'actual' classes (including interfaces, objects, annotations, enums, and 'actual' typealiases) are in Beta. You can use -Xexpect-actual-classes flag to suppress this warning. Also see: https://youtrack.jetbrains.com/issue/KT-61573
w: file:///app/shared/src/androidMain/kotlin/com/synapse/social/studioasinc/shared/data/PlatformUtils.android.kt:8:1 'expect'/'actual' classes (including interfaces, objects, annotations, enums, and 'actual' typealiases) are in Beta. You can use -Xexpect-actual-classes flag to suppress this warning. Also see: https://youtrack.jetbrains.com/issue/KT-61573
w: file:///app/shared/src/commonMain/kotlin/com/synapse/social/studioasinc/shared/Greeting.kt:5:2 This declaration needs opt-in. Its usage should be marked with '@kotlin.js.ExperimentalJsExport' or '@OptIn(kotlin.js.ExperimentalJsExport::class)'
w: file:///app/shared/src/commonMain/kotlin/com/synapse/social/studioasinc/shared/core/config/SynapseConfig.kt:3:1 'expect'/'actual' classes (including interfaces, objects, annotations, enums, and 'actual' typealiases) are in Beta. You can use -Xexpect-actual-classes flag to suppress this warning. Also see: https://youtrack.jetbrains.com/issue/KT-61573
w: file:///app/shared/src/commonMain/kotlin/com/synapse/social/studioasinc/shared/data/FileUploader.kt:3:1 'expect'/'actual' classes (including interfaces, objects, annotations, enums, and 'actual' typealiases) are in Beta. You can use -Xexpect-actual-classes flag to suppress this warning. Also see: https://youtrack.jetbrains.com/issue/KT-61573
w: file:///app/shared/src/commonMain/kotlin/com/synapse/social/studioasinc/shared/data/PlatformUtils.kt:3:1 'expect'/'actual' classes (including interfaces, objects, annotations, enums, and 'actual' typealiases) are in Beta. You can use -Xexpect-actual-classes flag to suppress this warning. Also see: https://youtrack.jetbrains.com/issue/KT-61573

> Task :shared:compileDebugKotlinAndroid
w: file:///app/shared/src/androidMain/kotlin/com/synapse/social/studioasinc/shared/core/config/SynapseConfig.kt:5:1 'expect'/'actual' classes (including interfaces, objects, annotations, enums, and 'actual' typealiases) are in Beta. You can use -Xexpect-actual-classes flag to suppress this warning. Also see: https://youtrack.jetbrains.com/issue/KT-61573
w: file:///app/shared/src/androidMain/kotlin/com/synapse/social/studioasinc/shared/data/FileUploader.android.kt:8:1 'expect'/'actual' classes (including interfaces, objects, annotations, enums, and 'actual' typealiases) are in Beta. You can use -Xexpect-actual-classes flag to suppress this warning. Also see: https://youtrack.jetbrains.com/issue/KT-61573
w: file:///app/shared/src/androidMain/kotlin/com/synapse/social/studioasinc/shared/data/PlatformUtils.android.kt:8:1 'expect'/'actual' classes (including interfaces, objects, annotations, enums, and 'actual' typealiases) are in Beta. You can use -Xexpect-actual-classes flag to suppress this warning. Also see: https://youtrack.jetbrains.com/issue/KT-61573
w: file:///app/shared/src/commonMain/kotlin/com/synapse/social/studioasinc/shared/Greeting.kt:5:2 This declaration needs opt-in. Its usage should be marked with '@kotlin.js.ExperimentalJsExport' or '@OptIn(kotlin.js.ExperimentalJsExport::class)'
w: file:///app/shared/src/commonMain/kotlin/com/synapse/social/studioasinc/shared/core/config/SynapseConfig.kt:3:1 'expect'/'actual' classes (including interfaces, objects, annotations, enums, and 'actual' typealiases) are in Beta. You can use -Xexpect-actual-classes flag to suppress this warning. Also see: https://youtrack.jetbrains.com/issue/KT-61573
w: file:///app/shared/src/commonMain/kotlin/com/synapse/social/studioasinc/shared/data/FileUploader.kt:3:1 'expect'/'actual' classes (including interfaces, objects, annotations, enums, and 'actual' typealiases) are in Beta. You can use -Xexpect-actual-classes flag to suppress this warning. Also see: https://youtrack.jetbrains.com/issue/KT-61573
w: file:///app/shared/src/commonMain/kotlin/com/synapse/social/studioasinc/shared/data/PlatformUtils.kt:3:1 'expect'/'actual' classes (including interfaces, objects, annotations, enums, and 'actual' typealiases) are in Beta. You can use -Xexpect-actual-classes flag to suppress this warning. Also see: https://youtrack.jetbrains.com/issue/KT-61573

> Task :shared:compileReleaseJavaWithJavac
> Task :shared:compileDebugJavaWithJavac
> Task :shared:bundleLibRuntimeToJarDebug
> Task :shared:bundleLibCompileToJarDebug
> Task :shared:processDebugJavaRes
> Task :shared:bundleLibRuntimeToJarRelease
> Task :shared:processReleaseJavaRes
> Task :shared:bundleLibCompileToJarRelease
> Task :shared:compileReleaseUnitTestKotlinAndroid
> Task :shared:compileReleaseUnitTestJavaWithJavac NO-SOURCE
> Task :shared:compileDebugUnitTestKotlinAndroid
> Task :shared:processReleaseUnitTestJavaRes
> Task :shared:compileDebugUnitTestJavaWithJavac NO-SOURCE
> Task :shared:processDebugUnitTestJavaRes

> Task :shared:testDebugUnitTest

PlatformUtilsTest > testHmacSha256 FAILED
    org.junit.ComparisonFailure at PlatformUtilsTest.kt:45

PlatformUtilsTest > testHmacSha256Empty FAILED
    java.lang.IllegalArgumentException at PlatformUtilsTest.kt:52

15 tests completed, 2 failed

> Task :shared:testDebugUnitTest FAILED

FAILURE: Build failed with an exception.

* What went wrong:
Execution failed for task ':shared:testDebugUnitTest'.
> There were failing tests. See the report at: file:///app/shared/build/reports/tests/testDebugUnitTest/index.html

* Try:
> Run with --scan to get full insights.

BUILD FAILED in 6m 20s
36 actionable tasks: 29 executed, 7 from cache
